C:\ST\STM32CubeIDE_2.1.1\STM32CubeIDE\plugins\com.st.stm32cube.ide.mcu.externaltools.gnu-tools-for-stm32.14.3.rel1.win32_1.0.100.202602081740\tools\bin/../lib/gcc/arm-none-eabi/14.3.1/../../../../arm-none-eabi/include/c++/14.3.1/cmath:150:3:constexpr float std::atan2(float, float)	0	static
C:\ST\STM32CubeIDE_2.1.1\STM32CubeIDE\plugins\com.st.stm32cube.ide.mcu.externaltools.gnu-tools-for-stm32.14.3.rel1.win32_1.0.100.202602081740\tools\bin/../lib/gcc/arm-none-eabi/14.3.1/../../../../arm-none-eabi/include/c++/14.3.1/cmath:181:3:constexpr float std::cos(float)	0	static
C:\ST\STM32CubeIDE_2.1.1\STM32CubeIDE\plugins\com.st.stm32cube.ide.mcu.externaltools.gnu-tools-for-stm32.14.3.rel1.win32_1.0.100.202602081740\tools\bin/../lib/gcc/arm-none-eabi/14.3.1/../../../../arm-none-eabi/include/c++/14.3.1/cmath:238:3:constexpr float std::fabs(float)	0	static
C:\ST\STM32CubeIDE_2.1.1\STM32CubeIDE\plugins\com.st.stm32cube.ide.mcu.externaltools.gnu-tools-for-stm32.14.3.rel1.win32_1.0.100.202602081740\tools\bin/../lib/gcc/arm-none-eabi/14.3.1/../../../../arm-none-eabi/include/c++/14.3.1/cmath:257:3:constexpr float std::floor(float)	0	static
C:\ST\STM32CubeIDE_2.1.1\STM32CubeIDE\plugins\com.st.stm32cube.ide.mcu.externaltools.gnu-tools-for-stm32.14.3.rel1.win32_1.0.100.202602081740\tools\bin/../lib/gcc/arm-none-eabi/14.3.1/../../../../arm-none-eabi/include/c++/14.3.1/cmath:276:3:constexpr float std::fmod(float, float)	0	static
C:\ST\STM32CubeIDE_2.1.1\STM32CubeIDE\plugins\com.st.stm32cube.ide.mcu.externaltools.gnu-tools-for-stm32.14.3.rel1.win32_1.0.100.202602081740\tools\bin/../lib/gcc/arm-none-eabi/14.3.1/../../../../arm-none-eabi/include/c++/14.3.1/cmath:376:3:constexpr float std::pow(float, float)	0	static
C:\ST\STM32CubeIDE_2.1.1\STM32CubeIDE\plugins\com.st.stm32cube.ide.mcu.externaltools.gnu-tools-for-stm32.14.3.rel1.win32_1.0.100.202602081740\tools\bin/../lib/gcc/arm-none-eabi/14.3.1/../../../../arm-none-eabi/include/c++/14.3.1/cmath:404:3:constexpr float std::sin(float)	0	static
C:\ST\STM32CubeIDE_2.1.1\STM32CubeIDE\plugins\com.st.stm32cube.ide.mcu.externaltools.gnu-tools-for-stm32.14.3.rel1.win32_1.0.100.202602081740\tools\bin/../lib/gcc/arm-none-eabi/14.3.1/../../../../arm-none-eabi/include/c++/14.3.1/cmath:442:3:constexpr float std::sqrt(float)	0	static
C:/Users/310004/Documents/Projects/Sound_Detection/project/SDS_110_STM32F746ZGT6/Core/SDS_110/Sensor_Unit_112/Microphone_Array_114.hpp:81:17:const sds110::Vec3& sds110::Microphone_Array_114::position(uint32_t) const	0	static
../Core/SDS_110/Processing_Module_120/Correlation_Processing_Module_126/Correlation_Processing_Module_126.hpp:77:10:bool sds110::Correlation_Processing_Module_126::srpReference() const	0	static
../Core/SDS_110/Processing_Module_120/Correlation_Processing_Module_126/Correlation_Processing_Module_126.hpp:132:11:float sds110::Correlation_Processing_Module_126::lagValue(int) const	0	static
C:/Users/310004/Documents/Projects/Sound_Detection/project/SDS_110_STM32F746ZGT6/Core/SDS_110/Infrastructure/Utils/Azimuth.hpp:27:18:static float sds110::Azimuth::wrap360(float)	16	static
C:/Users/310004/Documents/Projects/Sound_Detection/project/SDS_110_STM32F746ZGT6/Core/SDS_110/Infrastructure/Utils/Azimuth.hpp:42:18:static float sds110::Azimuth::fromArrayAngle(float)	8	static
C:/Users/310004/Documents/Projects/Sound_Detection/project/SDS_110_STM32F746ZGT6/Core/SDS_110/Infrastructure/Utils/Azimuth.hpp:45:18:static float sds110::Azimuth::fromArray(float, float)	8	static
../Core/SDS_110/Processing_Module_120/Correlation_Processing_Module_126/Correlation_Processing_Module_126.cpp:16:6:void sds110::Correlation_Processing_Module_126::init(const sds110::Microphone_Array_114&)	40	static
../Core/SDS_110/Processing_Module_120/Correlation_Processing_Module_126/Correlation_Processing_Module_126.cpp:39:6:void sds110::Correlation_Processing_Module_126::clearFeedback()	8	static
../Core/SDS_110/Processing_Module_120/Correlation_Processing_Module_126/Correlation_Processing_Module_126.cpp:45:6:void sds110::Correlation_Processing_Module_126::applyFeedback(const sds110::TrackingFeedback&)	16	static
../Core/SDS_110/Processing_Module_120/Correlation_Processing_Module_126/Correlation_Processing_Module_126.cpp:56:6:void sds110::Correlation_Processing_Module_126::deriveSelection(const sds110::AcousticState&, sds110::ComponentSelection&) const	120	static
../Core/SDS_110/Processing_Module_120/Correlation_Processing_Module_126/Correlation_Processing_Module_126.cpp:88:6:void sds110::Correlation_Processing_Module_126::updateGeometry()	8	static
../Core/SDS_110/Processing_Module_120/Correlation_Processing_Module_126/Correlation_Processing_Module_126.cpp:99:6:void sds110::Correlation_Processing_Module_126::setSpeedOfSound(float)	8	static
../Core/SDS_110/Processing_Module_120/Correlation_Processing_Module_126/Correlation_Processing_Module_126.cpp:108:5:static int sds110::Correlation_Processing_Module_126::maxLagFor(float)	0	static
../Core/SDS_110/Processing_Module_120/Correlation_Processing_Module_126/Correlation_Processing_Module_126.cpp:116:6:bool sds110::Correlation_Processing_Module_126::prepareBins(const sds110::ComponentSelection&, int)	48	static
../Core/SDS_110/Processing_Module_120/Correlation_Processing_Module_126/Correlation_Processing_Module_126.cpp:137:6:bool sds110::Correlation_Processing_Module_126::crossCorrelate(const sds110::Spectrum&, const sds110::Spectrum&, const sds110::ComponentSelection&, float, sds110::TdoaMeasurement&)	32	static
../Core/SDS_110/Processing_Module_120/Correlation_Processing_Module_126/Correlation_Processing_Module_126.cpp:196:15:sds110::Correlation_Processing_Module_126::correlatePair(const sds110::Spectrum&, const sds110::Spectrum&, const sds110::ComponentSelection&, int, sds110::TdoaMeasurement&)::<lambda(int)>	8	static
../Core/SDS_110/Processing_Module_120/Correlation_Processing_Module_126/Correlation_Processing_Module_126.cpp:146:6:bool sds110::Correlation_Processing_Module_126::correlatePair(const sds110::Spectrum&, const sds110::Spectrum&, const sds110::ComponentSelection&, int, sds110::TdoaMeasurement&)	88	static
../Core/SDS_110/Processing_Module_120/Correlation_Processing_Module_126/Correlation_Processing_Module_126.cpp:238:6:bool sds110::Correlation_Processing_Module_126::estimateBearing(const sds110::Spectrum*, const sds110::ComponentSelection&, sds110::Bearing&)	1496	static
../Core/SDS_110/Processing_Module_120/Correlation_Processing_Module_126/Correlation_Processing_Module_126.cpp:343:6:bool sds110::Correlation_Processing_Module_126::solveLs(float&, float&, uint32_t&, float&) const	64	static
../Core/SDS_110/Processing_Module_120/Correlation_Processing_Module_126/Correlation_Processing_Module_126.cpp:368:7:float sds110::Correlation_Processing_Module_126::maxResidualSamples(float, float) const	32	static
../Core/SDS_110/Processing_Module_120/Correlation_Processing_Module_126/Correlation_Processing_Module_126.cpp:383:6:void sds110::Correlation_Processing_Module_126::repickPairs(float, float, int)	80	static
../Core/SDS_110/Processing_Module_120/Correlation_Processing_Module_126/Correlation_Processing_Module_126.cpp:412:7:float sds110::Correlation_Processing_Module_126::srpAt(uint32_t) const	8	static
../Core/SDS_110/Processing_Module_120/Correlation_Processing_Module_126/Correlation_Processing_Module_126.cpp:433:15:sds110::Correlation_Processing_Module_126::scanSrp(int&, float&, float&, float&) const::<lambda(int)>	4	static
../Core/SDS_110/Processing_Module_120/Correlation_Processing_Module_126/Correlation_Processing_Module_126.cpp:430:6:bool sds110::Correlation_Processing_Module_126::scanSrp(int&, float&, float&, float&) const	56	static
../Core/SDS_110/Processing_Module_120/Correlation_Processing_Module_126/Correlation_Processing_Module_126.cpp:458:6:bool sds110::Correlation_Processing_Module_126::srpScan(float&, float&, float&) const	64	static
