C:\ST\STM32CubeIDE_2.1.1\STM32CubeIDE\plugins\com.st.stm32cube.ide.mcu.externaltools.gnu-tools-for-stm32.14.3.rel1.win32_1.0.100.202602081740\tools\bin/../lib/gcc/arm-none-eabi/14.3.1/../../../../arm-none-eabi/include/c++/14.3.1/cmath:219:3:constexpr float std::exp(float)	16	static
C:\ST\STM32CubeIDE_2.1.1\STM32CubeIDE\plugins\com.st.stm32cube.ide.mcu.externaltools.gnu-tools-for-stm32.14.3.rel1.win32_1.0.100.202602081740\tools\bin/../lib/gcc/arm-none-eabi/14.3.1/../../../../arm-none-eabi/include/c++/14.3.1/cmath:442:3:constexpr float std::sqrt(float)	16	static
C:/Users/310004/Documents/Projects/Sound_Detection/project/SDS_110_STM32F746ZGT6/Core/SDS_110/Sensor_Unit_112/Sampling_Circuitry_116.hpp:46:14:uint32_t sds110::Sampling_Circuitry_116::errorCount() const	16	static
C:/Users/310004/Documents/Projects/Sound_Detection/project/SDS_110_STM32F746ZGT6/Core/SDS_110/Sensor_Unit_112/Pre_Processor_118.hpp:42:11:float sds110::Pre_Processor_118::frameCenterGain(uint32_t) const	16	static
C:/Users/310004/Documents/Projects/Sound_Detection/project/SDS_110_STM32F746ZGT6/Core/SDS_110/Sensor_Unit_112/Frame_Assembler.hpp:54:26:const sds110::AnalysisFrame& sds110::Frame_Assembler::frame() const	16	static
C:/Users/310004/Documents/Projects/Sound_Detection/project/SDS_110_STM32F746ZGT6/Core/SDS_110/Infrastructure/Utils/DWT.hpp:19:22:static sds110::DWTTimer& sds110::DWTTimer::instance()	8	static,ignoring_inline_asm
C:/Users/310004/Documents/Projects/Sound_Detection/project/SDS_110_STM32F746ZGT6/Core/SDS_110/Infrastructure/Utils/DWT.hpp:21:14:uint32_t sds110::DWTTimer::cycles() const	16	static
C:/Users/310004/Documents/Projects/Sound_Detection/project/SDS_110_STM32F746ZGT6/Core/SDS_110/Infrastructure/Utils/DWT.hpp:22:11:float sds110::DWTTimer::cyclesToUs(uint32_t) const	16	static
C:/Users/310004/Documents/Projects/Sound_Detection/project/SDS_110_STM32F746ZGT6/Core/SDS_110/Infrastructure/Utils/DWT.hpp:33:5:sds110::DWTTimer::DWTTimer()	24	static,ignoring_inline_asm
C:/Users/310004/Documents/Projects/Sound_Detection/project/SDS_110_STM32F746ZGT6/Core/SDS_110/Sensor_Unit_112/Pre_Processor_118.hpp:26:7:sds110::Pre_Processor_118::Pre_Processor_118()	16	static
C:/Users/310004/Documents/Projects/Sound_Detection/project/SDS_110_STM32F746ZGT6/Core/SDS_110/Sensor_Unit_112/Frame_Assembler.hpp:38:7:constexpr sds110::Frame_Assembler::Frame_Assembler()	16	static
C:/Users/310004/Documents/Projects/Sound_Detection/project/SDS_110_STM32F746ZGT6/Core/SDS_110/Sensor_Unit_112/Sensor_Unit_112.hpp:17:14:sds110::Sensor_Unit_112::Sensor_Unit_112(uint32_t)	16	static
C:/Users/310004/Documents/Projects/Sound_Detection/project/SDS_110_STM32F746ZGT6/Core/SDS_110/Sensor_Unit_112/Sensor_Unit_112.hpp:19:10:bool sds110::Sensor_Unit_112::init(SAI_HandleTypeDef*, I2C_HandleTypeDef*)	24	static
C:/Users/310004/Documents/Projects/Sound_Detection/project/SDS_110_STM32F746ZGT6/Core/SDS_110/Sensor_Unit_112/Sensor_Unit_112.hpp:29:10:bool sds110::Sensor_Unit_112::start()	16	static
C:/Users/310004/Documents/Projects/Sound_Detection/project/SDS_110_STM32F746ZGT6/Core/SDS_110/Sensor_Unit_112/Sensor_Unit_112.hpp:35:10:bool sds110::Sensor_Unit_112::nextFrame(const sds110::AnalysisFrame*&)	32	static
C:/Users/310004/Documents/Projects/Sound_Detection/project/SDS_110_STM32F746ZGT6/Core/SDS_110/Sensor_Unit_112/Sensor_Unit_112.hpp:51:10:void sds110::Sensor_Unit_112::releaseOldest()	16	static
C:/Users/310004/Documents/Projects/Sound_Detection/project/SDS_110_STM32F746ZGT6/Core/SDS_110/Sensor_Unit_112/Sensor_Unit_112.hpp:58:15:sds110::MicFrame* sds110::Sensor_Unit_112::nextHop()	16	static
C:/Users/310004/Documents/Projects/Sound_Detection/project/SDS_110_STM32F746ZGT6/Core/SDS_110/Sensor_Unit_112/Sensor_Unit_112.hpp:63:10:void sds110::Sensor_Unit_112::releaseHop(sds110::MicFrame*)	16	static
C:/Users/310004/Documents/Projects/Sound_Detection/project/SDS_110_STM32F746ZGT6/Core/SDS_110/Sensor_Unit_112/Sensor_Unit_112.hpp:66:14:uint32_t sds110::Sensor_Unit_112::lastPreCycles() const	16	static
C:/Users/310004/Documents/Projects/Sound_Detection/project/SDS_110_STM32F746ZGT6/Core/SDS_110/Sensor_Unit_112/Sensor_Unit_112.hpp:67:14:uint32_t sds110::Sensor_Unit_112::lastAsmCycles() const	16	static
C:/Users/310004/Documents/Projects/Sound_Detection/project/SDS_110_STM32F746ZGT6/Core/SDS_110/Sensor_Unit_112/Sensor_Unit_112.hpp:68:33:const sds110::Microphone_Array_114& sds110::Sensor_Unit_112::array() const	16	static
C:/Users/310004/Documents/Projects/Sound_Detection/project/SDS_110_STM32F746ZGT6/Core/SDS_110/Sensor_Unit_112/Sensor_Unit_112.hpp:69:30:const sds110::Pre_Processor_118& sds110::Sensor_Unit_112::preprocessor() const	16	static
C:/Users/310004/Documents/Projects/Sound_Detection/project/SDS_110_STM32F746ZGT6/Core/SDS_110/Sensor_Unit_112/Sensor_Unit_112.hpp:71:29:sds110::Sampling_Circuitry_116& sds110::Sensor_Unit_112::sampling()	16	static
C:/Users/310004/Documents/Projects/Sound_Detection/project/SDS_110_STM32F746ZGT6/Core/SDS_110/Infrastructure/Utils/DspScratch.hpp:21:15:float* sds110::dspScratch()	4	static
../Core/SDS_110/Processing_Module_120/Feature_Extraction_Module_122/Feature_Extraction_Module_122.hpp:63:18:const float* sds110::Feature_Extraction_Module_122::magnitude() const	16	static
../Core/SDS_110/Processing_Module_120/Machine_Learning_Module_124/Machine_Learning_Module_124.hpp:52:15:float sds110::Machine_Learning_Module_124::ShadowStats::detectAgreement() const	16	static
../Core/SDS_110/Processing_Module_120/Machine_Learning_Module_124/Machine_Learning_Module_124.hpp:54:15:float sds110::Machine_Learning_Module_124::ShadowStats::bandOverlap() const	24	static
../Core/SDS_110/Processing_Module_120/Machine_Learning_Module_124/Machine_Learning_Module_124.hpp:55:15:float sds110::Machine_Learning_Module_124::ShadowStats::meanAbsDiff() const	16	static
../Core/SDS_110/Processing_Module_120/Machine_Learning_Module_124/Machine_Learning_Module_124.hpp:65:15:sds110::Ml124Mode sds110::Machine_Learning_Module_124::mode() const	16	static
../Core/SDS_110/Processing_Module_120/Machine_Learning_Module_124/Machine_Learning_Module_124.hpp:68:24:const sds110::HBD_State& sds110::Machine_Learning_Module_124::hbd() const	16	static
../Core/SDS_110/Processing_Module_120/Machine_Learning_Module_124/Machine_Learning_Module_124.hpp:70:24:const sds110::Machine_Learning_Module_124::ShadowStats& sds110::Machine_Learning_Module_124::shadow() const	16	static
../Core/SDS_110/Processing_Module_120/Correlation_Processing_Module_126/Correlation_Processing_Module_126.hpp:76:10:void sds110::Correlation_Processing_Module_126::setSrpReference(bool)	16	static
../Core/SDS_110/Processing_Module_120/Correlation_Processing_Module_126/Correlation_Processing_Module_126.hpp:77:10:bool sds110::Correlation_Processing_Module_126::srpReference() const	16	static
../Core/SDS_110/Processing_Module_120/Correlation_Processing_Module_126/Correlation_Processing_Module_126.hpp:80:10:void sds110::Correlation_Processing_Module_126::setSrpEvery(uint32_t)	16	static
../Core/SDS_110/Processing_Module_120/Localisation_Module_128/Localisation_Module_128.hpp:53:10:void sds110::Localisation_Module_128::setCalibration(float, float)	24	static
../Core/SDS_110/Processing_Module_120/Localisation_Module_128/Localisation_Module_128.hpp:55:10:void sds110::Localisation_Module_128::setSpeedOfSound(float)	16	static
../Core/SDS_110/Processing_Module_120/Localisation_Module_128/Localisation_Module_128.hpp:43:7:constexpr sds110::Localisation_Module_128::Localisation_Module_128()	16	static
../Core/SDS_110/Processing_Module_120/Output_Interface_130/Output_Interface_130.hpp:23:7:constexpr sds110::Output_Interface_130::Output_Interface_130()	16	static
../Core/SDS_110/Processing_Module_120/Processing_Module_120.hpp:43:5:sds110::Processing_Module_120::Processing_Module_120()	16	static
C:/Users/310004/Documents/Projects/Sound_Detection/project/SDS_110_STM32F746ZGT6/Core/SDS_110/Infrastructure/Model/SDS_Data.hpp:48:14:bool SDS_Data::getDetected() const	16	static
C:/Users/310004/Documents/Projects/Sound_Detection/project/SDS_110_STM32F746ZGT6/Core/SDS_110/Infrastructure/Model/SDS_Data.hpp:54:10:void SDS_Data::setHbd(float, float, float, uint8_t, bool)	48	static
C:/Users/310004/Documents/Projects/Sound_Detection/project/SDS_110_STM32F746ZGT6/Core/SDS_110/Infrastructure/Model/SDS_Data.hpp:59:10:void SDS_Data::setMlInitError(bool)	16	static
C:/Users/310004/Documents/Projects/Sound_Detection/project/SDS_110_STM32F746ZGT6/Core/SDS_110/Infrastructure/Model/SDS_Data.hpp:61:10:void SDS_Data::setMlRunError(bool)	16	static
C:/Users/310004/Documents/Projects/Sound_Detection/project/SDS_110_STM32F746ZGT6/Core/SDS_110/Infrastructure/Model/SDS_Data.hpp:65:10:void SDS_Data::setMl(const MlStatus&)	16	static
C:/Users/310004/Documents/Projects/Sound_Detection/project/SDS_110_STM32F746ZGT6/Core/SDS_110/Infrastructure/Model/SDS_Data.hpp:73:10:void SDS_Data::setStageTimes(float, float, float, float, float)	32	static
C:/Users/310004/Documents/Projects/Sound_Detection/project/SDS_110_STM32F746ZGT6/Core/SDS_110/Infrastructure/Model/SDS_Data.hpp:75:10:void SDS_Data::setCorrTimes(float, float, float)	24	static
C:/Users/310004/Documents/Projects/Sound_Detection/project/SDS_110_STM32F746ZGT6/Core/SDS_110/Infrastructure/Model/SDS_Data.hpp:77:10:void SDS_Data::setDiagTimes(float, float, float, float)	32	static
C:/Users/310004/Documents/Projects/Sound_Detection/project/SDS_110_STM32F746ZGT6/Core/SDS_110/Infrastructure/Model/SDS_Data.hpp:96:10:bool SDS_Data::tryGetSrpReference(bool&) const	16	static
C:/Users/310004/Documents/Projects/Sound_Detection/project/SDS_110_STM32F746ZGT6/Core/SDS_110/Infrastructure/Model/SDS_Data.hpp:104:10:bool SDS_Data::tryGetAzimuthOffset(float&) const	16	static
C:/Users/310004/Documents/Projects/Sound_Detection/project/SDS_110_STM32F746ZGT6/Core/SDS_110/Infrastructure/Model/SDS_Data.hpp:113:10:bool SDS_Data::tryGetAir(Air&) const	16	static
C:/Users/310004/Documents/Projects/Sound_Detection/project/SDS_110_STM32F746ZGT6/Core/SDS_110/Infrastructure/Model/SDS_Data.hpp:166:10:bool SDS_Data::lock(uint32_t) const	16	static
C:/Users/310004/Documents/Projects/Sound_Detection/project/SDS_110_STM32F746ZGT6/Core/SDS_110/Infrastructure/Model/SDS_Data.hpp:167:10:void SDS_Data::unlock() const	16	static
C:/Users/310004/Documents/Projects/Sound_Detection/project/SDS_110_STM32F746ZGT6/Core/SDS_110/Infrastructure/Model/SDS_Data.hpp:168:10:bool SDS_Data::lockRead() const	16	static
C:/Users/310004/Documents/Projects/Sound_Detection/project/SDS_110_STM32F746ZGT6/Core/SDS_110/Infrastructure/Model/SDS_Data.hpp:169:10:bool SDS_Data::lockWrite()	16	static
../Core/SDS_110/Processing_Module_120/Feature_Extraction_Module_122/Feature_Extraction_Module_122.hpp:46:7:sds110::Feature_Extraction_Module_122::Feature_Extraction_Module_122()	16	static
../Core/SDS_110/Processing_Module_120/Correlation_Processing_Module_126/Correlation_Processing_Module_126.hpp:56:7:sds110::Correlation_Processing_Module_126::Correlation_Processing_Module_126()	16	static
../Core/SDS_110/Processing_Module_120/Processing_Module_120.cpp:17:24:static sds110::Processing_Module_120& sds110::Processing_Module_120::instance()	8	static,ignoring_inline_asm
../Core/SDS_110/Processing_Module_120/Processing_Module_120.cpp:28:6:bool sds110::Processing_Module_120::init(SAI_HandleTypeDef*, I2C_HandleTypeDef*)	56	static
../Core/SDS_110/Processing_Module_120/Processing_Module_120.cpp:45:6:bool sds110::Processing_Module_120::start()	16	static
../Core/SDS_110/Processing_Module_120/Processing_Module_120.cpp:48:20:void sds110::smoothMs(float&, uint32_t)	24	static
../Core/SDS_110/Processing_Module_120/Processing_Module_120.cpp:54:6:bool sds110::Processing_Module_120::processFrame()	192	static
../Core/SDS_110/Processing_Module_120/Processing_Module_120.cpp:141:6:bool sds110::Processing_Module_120::streamFrame()	48	static
C:/Users/310004/Documents/Projects/Sound_Detection/project/SDS_110_STM32F746ZGT6/Core/SDS_110/Infrastructure/Model/SDS_Data.hpp:184:28:T SDS_Data::getValue(const T&) const [with T = bool]	24	static
C:/Users/310004/Documents/Projects/Sound_Detection/project/SDS_110_STM32F746ZGT6/Core/SDS_110/Infrastructure/Model/SDS_Data.hpp:171:31:void SDS_Data::setValue(T&, const T&) [with T = HbdStatus]	32	static
C:/Users/310004/Documents/Projects/Sound_Detection/project/SDS_110_STM32F746ZGT6/Core/SDS_110/Infrastructure/Model/SDS_Data.hpp:171:31:void SDS_Data::setValue(T&, const T&) [with T = bool]	24	static
C:/Users/310004/Documents/Projects/Sound_Detection/project/SDS_110_STM32F746ZGT6/Core/SDS_110/Infrastructure/Model/SDS_Data.hpp:171:31:void SDS_Data::setValue(T&, const T&) [with T = MlStatus]	32	static
C:/Users/310004/Documents/Projects/Sound_Detection/project/SDS_110_STM32F746ZGT6/Core/SDS_110/Infrastructure/Model/SDS_Data.hpp:177:31:bool SDS_Data::tryGetValue(const T&, T&) const [with T = bool]	24	static
C:/Users/310004/Documents/Projects/Sound_Detection/project/SDS_110_STM32F746ZGT6/Core/SDS_110/Infrastructure/Model/SDS_Data.hpp:177:31:bool SDS_Data::tryGetValue(const T&, T&) const [with T = float]	24	static
C:/Users/310004/Documents/Projects/Sound_Detection/project/SDS_110_STM32F746ZGT6/Core/SDS_110/Infrastructure/Model/SDS_Data.hpp:177:31:bool SDS_Data::tryGetValue(const T&, T&) const [with T = Air]	24	static
../Core/SDS_110/Processing_Module_120/Processing_Module_120.cpp:159:1:void __static_initialization_and_destruction_0()	8	static
../Core/SDS_110/Processing_Module_120/Processing_Module_120.cpp:159:1:cpp)	8	static
