C:\ST\STM32CubeIDE_2.1.1\STM32CubeIDE\plugins\com.st.stm32cube.ide.mcu.externaltools.gnu-tools-for-stm32.14.3.rel1.win32_1.0.100.202602081740\tools\bin/../lib/gcc/arm-none-eabi/14.3.1/../../../../arm-none-eabi/include/c++/14.3.1/bits/atomic_base.h:109:3:constexpr std::memory_order std::operator&(memory_order, __memory_order_modifier)	16	static
C:\ST\STM32CubeIDE_2.1.1\STM32CubeIDE\plugins\com.st.stm32cube.ide.mcu.externaltools.gnu-tools-for-stm32.14.3.rel1.win32_1.0.100.202602081740\tools\bin/../lib/gcc/arm-none-eabi/14.3.1/../../../../arm-none-eabi/include/c++/14.3.1/atomic:108:5:void std::atomic<bool>::store(bool, std::memory_order)	40	static,ignoring_inline_asm
C:\ST\STM32CubeIDE_2.1.1\STM32CubeIDE\plugins\com.st.stm32cube.ide.mcu.externaltools.gnu-tools-for-stm32.14.3.rel1.win32_1.0.100.202602081740\tools\bin/../lib/gcc/arm-none-eabi/14.3.1/../../../../arm-none-eabi/include/c++/14.3.1/atomic:116:5:bool std::atomic<bool>::load(std::memory_order) const	32	static,ignoring_inline_asm
C:\ST\STM32CubeIDE_2.1.1\STM32CubeIDE\plugins\com.st.stm32cube.ide.mcu.externaltools.gnu-tools-for-stm32.14.3.rel1.win32_1.0.100.202602081740\tools\arm-none-eabi\include\c++\14.3.1\bits\std_function.h:241:5:std::_Function_base::~_Function_base()	16	static
C:/Users/310004/Documents/Projects/Sound_Detection/project/SDS_110_STM32F746ZGT6/Core/SDS_110/Infrastructure/Model/SDS_Data.hpp:60:10:bool SDS_Data::getMlInitError() const	16	static
C:/Users/310004/Documents/Projects/Sound_Detection/project/SDS_110_STM32F746ZGT6/Core/SDS_110/Infrastructure/Model/SDS_Data.hpp:62:10:bool SDS_Data::getMlRunError() const	16	static
C:/Users/310004/Documents/Projects/Sound_Detection/project/SDS_110_STM32F746ZGT6/Core/SDS_110/Infrastructure/Model/SDS_Data.hpp:85:14:uint16_t SDS_Data::getId() const	16	static
C:/Users/310004/Documents/Projects/Sound_Detection/project/SDS_110_STM32F746ZGT6/Core/SDS_110/Infrastructure/Model/SDS_Data.hpp:100:10:bool SDS_Data::tryGetPosition(sds110::LocalPosition&) const	16	static
C:/Users/310004/Documents/Projects/Sound_Detection/project/SDS_110_STM32F746ZGT6/Core/SDS_110/Infrastructure/Model/SDS_Data.hpp:166:10:bool SDS_Data::lock(uint32_t) const	16	static
C:/Users/310004/Documents/Projects/Sound_Detection/project/SDS_110_STM32F746ZGT6/Core/SDS_110/Infrastructure/Model/SDS_Data.hpp:167:10:void SDS_Data::unlock() const	16	static
C:/Users/310004/Documents/Projects/Sound_Detection/project/SDS_110_STM32F746ZGT6/Core/SDS_110/Infrastructure/Model/SDS_Data.hpp:168:10:bool SDS_Data::lockRead() const	16	static
C:/Users/310004/Documents/Projects/Sound_Detection/project/SDS_110_STM32F746ZGT6/Core/SDS_110/Infrastructure/Timer/TaskTimerBase.hpp:19:10:void sds110::TaskTimerBase::attachTimer(sds110::HardwareTimer*)	16	static
C:/Users/310004/Documents/Projects/Sound_Detection/project/SDS_110_STM32F746ZGT6/Core/SDS_110/Infrastructure/Timer/TaskTimerBase.hpp:24:14:bool sds110::TaskTimerBase::isOverrun() const	16	static
C:/Users/310004/Documents/Projects/Sound_Detection/project/SDS_110_STM32F746ZGT6/Core/SDS_110/Infrastructure/Timer/TaskTimerBase.hpp:25:14:void sds110::TaskTimerBase::clearOverrun()	16	static
C:/Users/310004/Documents/Projects/Sound_Detection/project/SDS_110_STM32F746ZGT6/Core/SDS_110/Infrastructure/Timer/TaskTimerBase.hpp:47:10:void sds110::TaskTimerBase::setStatsId(TaskId)	16	static
C:/Users/310004/Documents/Projects/Sound_Detection/project/SDS_110_STM32F746ZGT6/Core/SDS_110/Infrastructure/Timer/TaskTimerBase.hpp:42:13:sds110::TaskTimerBase::~TaskTimerBase()	16	static
C:/Users/310004/Documents/Projects/Sound_Detection/project/SDS_110_STM32F746ZGT6/Core/SDS_110/Infrastructure/Timer/TaskTimerBase.hpp:42:13:virtual sds110::TaskTimerBase::~TaskTimerBase()	16	static
../Core/SDS_110/Infrastructure/Tasks/LoggerTask.hpp:17:7:sds110::LoggerTask::~LoggerTask()	16	static
../Core/SDS_110/Infrastructure/Tasks/LoggerTask.hpp:17:7:virtual sds110::LoggerTask::~LoggerTask()	16	static
../Core/SDS_110/Infrastructure/Tasks/LoggerTask.cpp:18:17:void TIM7_IRQHandler()	8	static
../Core/SDS_110/Infrastructure/Tasks/LoggerTask.cpp:25:1:sds110::LoggerTask::LoggerTask()	24	static
../Core/SDS_110/Infrastructure/Tasks/LoggerTask.cpp:34:6:virtual void sds110::LoggerTask::onTask()	168	static
../Core/SDS_110/Infrastructure/Tasks/LoggerTask.cpp:68:6:void sds110::LoggerTask::updateLeds()	32	static
C:\ST\STM32CubeIDE_2.1.1\STM32CubeIDE\plugins\com.st.stm32cube.ide.mcu.externaltools.gnu-tools-for-stm32.14.3.rel1.win32_1.0.100.202602081740\tools\arm-none-eabi\include\c++\14.3.1\bits\std_function.h:334:11:std::function<void()>::~function()	16	static
C:/Users/310004/Documents/Projects/Sound_Detection/project/SDS_110_STM32F746ZGT6/Core/SDS_110/Infrastructure/Model/SDS_Data.hpp:184:28:T SDS_Data::getValue(const T&) const [with T = bool]	24	static
C:/Users/310004/Documents/Projects/Sound_Detection/project/SDS_110_STM32F746ZGT6/Core/SDS_110/Infrastructure/Model/SDS_Data.hpp:184:28:T SDS_Data::getValue(const T&) const [with T = short unsigned int]	24	static
C:/Users/310004/Documents/Projects/Sound_Detection/project/SDS_110_STM32F746ZGT6/Core/SDS_110/Infrastructure/Model/SDS_Data.hpp:177:31:bool SDS_Data::tryGetValue(const T&, T&) const [with T = sds110::LocalPosition]	32	static
../Core/SDS_110/Infrastructure/Tasks/LoggerTask.cpp:85:1:void __static_initialization_and_destruction_0()	8	static
C:/Users/310004/Documents/Projects/Sound_Detection/project/SDS_110_STM32F746ZGT6/Core/SDS_110/Infrastructure/Timer/HardwareTimer.hpp:13:7:sds110::HardwareTimer::~HardwareTimer()	16	static
../Core/SDS_110/Infrastructure/Tasks/LoggerTask.cpp:85:1:void __static_initialization_and_destruction_1()	8	static
../Core/SDS_110/Infrastructure/Tasks/LoggerTask.cpp:85:1:cpp)	8	static
../Core/SDS_110/Infrastructure/Tasks/LoggerTask.cpp:85:1:cpp)	8	static
