../Drivers/CMSIS/Include/core_cm7.h:2464:22:void SCB_InvalidateDCache_by_Addr(uint32_t*, int32_t)	32	static,ignoring_inline_asm
../Core/SDS_110/Sensor_Unit_112/Microphone_Array_114.hpp:93:21:const sds110::MicFrame* sds110::Microphone_Array_114::latestFrame() const	16	static
../Core/SDS_110/Sensor_Unit_112/Sampling_Circuitry_116.hpp:39:10:bool sds110::Sampling_Circuitry_116::dmaReady() const	16	static
../Core/SDS_110/Sensor_Unit_112/Sampling_Circuitry_116.hpp:56:5:constexpr sds110::Sampling_Circuitry_116::Sampling_Circuitry_116()	16	static
../Core/SDS_110/Sensor_Unit_112/Sampling_Circuitry_116.cpp:15:25:static sds110::Sampling_Circuitry_116& sds110::Sampling_Circuitry_116::instance()	8	static,ignoring_inline_asm
../Core/SDS_110/Sensor_Unit_112/Sampling_Circuitry_116.cpp:22:6:bool sds110::Sampling_Circuitry_116::init(SAI_HandleTypeDef*, I2C_HandleTypeDef*)	24	static
../Core/SDS_110/Sensor_Unit_112/Sampling_Circuitry_116.cpp:36:6:void sds110::Sampling_Circuitry_116::enablePin(bool)	40	static
../Core/SDS_110/Sensor_Unit_112/Sampling_Circuitry_116.cpp:49:6:bool sds110::Sampling_Circuitry_116::writeReg(uint8_t, uint8_t)	32	static
../Core/SDS_110/Sensor_Unit_112/Sampling_Circuitry_116.cpp:56:6:bool sds110::Sampling_Circuitry_116::configureCodec()	32	static
../Core/SDS_110/Sensor_Unit_112/Sampling_Circuitry_116.cpp:67:6:bool sds110::Sampling_Circuitry_116::configureSaiClock()	152	static
../Core/SDS_110/Sensor_Unit_112/Sampling_Circuitry_116.cpp:80:6:bool sds110::Sampling_Circuitry_116::configureSai()	40	static
../Core/SDS_110/Sensor_Unit_112/Sampling_Circuitry_116.cpp:127:6:bool sds110::Sampling_Circuitry_116::start()	16	static
../Core/SDS_110/Sensor_Unit_112/Sampling_Circuitry_116.cpp:139:6:void sds110::Sampling_Circuitry_116::stop()	16	static
../Core/SDS_110/Sensor_Unit_112/Sampling_Circuitry_116.cpp:145:10:uint64_t sds110::Sampling_Circuitry_116::firstSampleUs() const	32	static
../Core/SDS_110/Sensor_Unit_112/Sampling_Circuitry_116.cpp:152:6:void sds110::Sampling_Circuitry_116::onRxHalf()	32	static
../Core/SDS_110/Sensor_Unit_112/Sampling_Circuitry_116.cpp:159:6:void sds110::Sampling_Circuitry_116::onRxComplete()	32	static
../Core/SDS_110/Sensor_Unit_112/Sampling_Circuitry_116.cpp:166:6:void sds110::Sampling_Circuitry_116::notifyIfHopReady()	24	static
../Core/SDS_110/Sensor_Unit_112/Sampling_Circuitry_116.cpp:174:6:void sds110::Sampling_Circuitry_116::onError()	16	static
../Core/SDS_110/Sensor_Unit_112/Sampling_Circuitry_116.cpp:188:6:void HAL_SAI_RxHalfCpltCallback(SAI_HandleTypeDef*)	16	static
../Core/SDS_110/Sensor_Unit_112/Sampling_Circuitry_116.cpp:194:6:void HAL_SAI_RxCpltCallback(SAI_HandleTypeDef*)	16	static
../Core/SDS_110/Sensor_Unit_112/Sampling_Circuitry_116.cpp:200:6:void HAL_SAI_ErrorCallback(SAI_HandleTypeDef*)	16	static
