C:/Users/310004/Documents/Projects/Sound_Detection/project/SDS_110_STM32F746ZGT6/Core/SDS_110/Infrastructure/Utils/UtcClock.hpp:40:21:static uint64_t sds110::UtcClock::toReport(uint64_t, const sds110::UtcOffset&)	32	static
C:/Users/310004/Documents/Projects/Sound_Detection/project/SDS_110_STM32F746ZGT6/Core/SDS_110/Infrastructure/Model/SDS_Data.hpp:85:14:uint16_t SDS_Data::getId() const	16	static
C:/Users/310004/Documents/Projects/Sound_Detection/project/SDS_110_STM32F746ZGT6/Core/SDS_110/Infrastructure/Model/SDS_Data.hpp:107:23:sds110::UtcOffset SDS_Data::getUtcOffset() const	16	static
C:/Users/310004/Documents/Projects/Sound_Detection/project/SDS_110_STM32F746ZGT6/Core/SDS_110/Infrastructure/Model/SDS_Data.hpp:122:10:bool SDS_Data::tryGetFeedback(FeedbackBox&) const	16	static
C:/Users/310004/Documents/Projects/Sound_Detection/project/SDS_110_STM32F746ZGT6/Core/SDS_110/Infrastructure/Model/SDS_Data.hpp:166:10:bool SDS_Data::lock(uint32_t) const	16	static
C:/Users/310004/Documents/Projects/Sound_Detection/project/SDS_110_STM32F746ZGT6/Core/SDS_110/Infrastructure/Model/SDS_Data.hpp:167:10:void SDS_Data::unlock() const	16	static
C:/Users/310004/Documents/Projects/Sound_Detection/project/SDS_110_STM32F746ZGT6/Core/SDS_110/Infrastructure/Model/SDS_Data.hpp:168:10:bool SDS_Data::lockRead() const	16	static
../Core/SDS_110/Processing_Module_120/Output_Interface_130/Output_Interface_130.cpp:11:6:bool sds110::Output_Interface_130::init()	16	static
../Core/SDS_110/Processing_Module_120/Output_Interface_130/Output_Interface_130.cpp:13:6:void sds110::Output_Interface_130::buildReport(const sds110::CandidateLocation&, const sds110::AcousticState&, const sds110::ComponentSelection&, float, uint64_t, sds110::UnitReport&) const	440	static
../Core/SDS_110/Processing_Module_120/Output_Interface_130/Output_Interface_130.cpp:38:6:bool sds110::Output_Interface_130::send(const sds110::UnitReport&)	184	static
../Core/SDS_110/Processing_Module_120/Output_Interface_130/Output_Interface_130.cpp:71:6:bool sds110::Output_Interface_130::pollFeedback(sds110::TrackingFeedback&, uint32_t)	576	static
C:/Users/310004/Documents/Projects/Sound_Detection/project/SDS_110_STM32F746ZGT6/Core/SDS_110/Infrastructure/Model/SDS_Data.hpp:184:28:T SDS_Data::getValue(const T&) const [with T = short unsigned int]	24	static
C:/Users/310004/Documents/Projects/Sound_Detection/project/SDS_110_STM32F746ZGT6/Core/SDS_110/Infrastructure/Model/SDS_Data.hpp:184:28:T SDS_Data::getValue(const T&) const [with T = sds110::UtcOffset]	40	static
C:/Users/310004/Documents/Projects/Sound_Detection/project/SDS_110_STM32F746ZGT6/Core/SDS_110/Infrastructure/Model/SDS_Data.hpp:177:31:bool SDS_Data::tryGetValue(const T&, T&) const [with T = FeedbackBox]	24	static
