C:\ST\STM32CubeIDE_2.1.1\STM32CubeIDE\plugins\com.st.stm32cube.ide.mcu.externaltools.gnu-tools-for-stm32.14.3.rel1.win32_1.0.100.202602081740\tools\bin/../lib/gcc/arm-none-eabi/14.3.1/../../../../arm-none-eabi/include/c++/14.3.1/cmath:150:3:constexpr float std::atan2(float, float)	16	static
C:\ST\STM32CubeIDE_2.1.1\STM32CubeIDE\plugins\com.st.stm32cube.ide.mcu.externaltools.gnu-tools-for-stm32.14.3.rel1.win32_1.0.100.202602081740\tools\bin/../lib/gcc/arm-none-eabi/14.3.1/../../../../arm-none-eabi/include/c++/14.3.1/cmath:238:3:constexpr float std::fabs(float)	16	static
C:\ST\STM32CubeIDE_2.1.1\STM32CubeIDE\plugins\com.st.stm32cube.ide.mcu.externaltools.gnu-tools-for-stm32.14.3.rel1.win32_1.0.100.202602081740\tools\bin/../lib/gcc/arm-none-eabi/14.3.1/../../../../arm-none-eabi/include/c++/14.3.1/cmath:276:3:constexpr float std::fmod(float, float)	16	static
C:\ST\STM32CubeIDE_2.1.1\STM32CubeIDE\plugins\com.st.stm32cube.ide.mcu.externaltools.gnu-tools-for-stm32.14.3.rel1.win32_1.0.100.202602081740\tools\bin/../lib/gcc/arm-none-eabi/14.3.1/../../../../arm-none-eabi/include/c++/14.3.1/cmath:442:3:constexpr float std::sqrt(float)	16	static
../Core/SDS_110/Processing_Module_120/Localisation_Module_128/Localisation_Module_128.hpp:36:14:float sds110::candidateConfidence(uint32_t, uint32_t, float)	32	static
C:/Users/310004/Documents/Projects/Sound_Detection/project/SDS_110_STM32F746ZGT6/Core/SDS_110/Infrastructure/Utils/Azimuth.hpp:27:18:static float sds110::Azimuth::wrap360(float)	16	static
C:/Users/310004/Documents/Projects/Sound_Detection/project/SDS_110_STM32F746ZGT6/Core/SDS_110/Infrastructure/Utils/Azimuth.hpp:42:18:static float sds110::Azimuth::fromArrayAngle(float)	16	static
C:/Users/310004/Documents/Projects/Sound_Detection/project/SDS_110_STM32F746ZGT6/Core/SDS_110/Infrastructure/Utils/Azimuth.hpp:45:18:static float sds110::Azimuth::fromArray(float, float)	16	static
../Core/SDS_110/Processing_Module_120/Localisation_Module_128/Localisation_Module_128.cpp:10:6:void sds110::Localisation_Module_128::init(const sds110::Vec3*, uint32_t)	32	static
../Core/SDS_110/Processing_Module_120/Localisation_Module_128/Localisation_Module_128.cpp:18:7:float sds110::Localisation_Module_128::calibrate(float) const	16	static
../Core/SDS_110/Processing_Module_120/Localisation_Module_128/Localisation_Module_128.cpp:27:6:bool sds110::Localisation_Module_128::solve(const sds110::TdoaMeasurement*, uint32_t, sds110::CandidateLocation&)	184	static
../Core/SDS_110/Processing_Module_120/Localisation_Module_128/Localisation_Module_128.cpp:68:6:bool sds110::Localisation_Module_128::fromBearing(const sds110::Bearing&, float, sds110::CandidateLocation&)	56	static
