C:/Users/310004/Documents/Projects/Sound_Detection/project/SDS_110_STM32F746ZGT6/Core/SDS_110/Infrastructure/Model/SDS_Data.hpp:84:10:void SDS_Data::setId(uint16_t)	16	static
C:/Users/310004/Documents/Projects/Sound_Detection/project/SDS_110_STM32F746ZGT6/Core/SDS_110/Infrastructure/Model/SDS_Data.hpp:166:10:bool SDS_Data::lock(uint32_t) const	16	static
C:/Users/310004/Documents/Projects/Sound_Detection/project/SDS_110_STM32F746ZGT6/Core/SDS_110/Infrastructure/Model/SDS_Data.hpp:167:10:void SDS_Data::unlock() const	16	static
C:/Users/310004/Documents/Projects/Sound_Detection/project/SDS_110_STM32F746ZGT6/Core/SDS_110/Infrastructure/Model/SDS_Data.hpp:169:10:bool SDS_Data::lockWrite()	16	static
../Core/SDS_110/Infrastructure/Tasks/TaskBase.hpp:28:18:virtual void sds110::TaskBase::waitForWork()	16	static
../Core/SDS_110/Infrastructure/Tasks/TaskBase.hpp:29:18:virtual void sds110::TaskBase::onStart()	16	static
../Core/SDS_110/Infrastructure/Tasks/TaskBase.hpp:30:18:virtual void sds110::TaskBase::onExit()	16	static
../Core/SDS_110/Infrastructure/Tasks/TaskBase.hpp:25:13:sds110::TaskBase::~TaskBase()	16	static
../Core/SDS_110/Infrastructure/Tasks/TaskBase.hpp:25:13:virtual sds110::TaskBase::~TaskBase()	16	static
../Core/SDS_110/Infrastructure/Tasks/USBTask.hpp:34:7:sds110::USBTask::~USBTask()	16	static
../Core/SDS_110/Infrastructure/Tasks/USBTask.hpp:34:7:virtual sds110::USBTask::~USBTask()	16	static
../Core/SDS_110/Infrastructure/Tasks/USBTask.hpp:36:49:void __tcf_0()	8	static
../Core/SDS_110/Infrastructure/Tasks/USBTask.hpp:36:21:static sds110::USBTask& sds110::USBTask::instance()	8	static,ignoring_inline_asm
C:/Users/310004/Documents/Projects/Sound_Detection/project/SDS_110_STM32F746ZGT6/Core/SDS_110/Infrastructure/Timer/TaskTimerBase.hpp:42:13:sds110::TaskTimerBase::~TaskTimerBase()	16	static
C:/Users/310004/Documents/Projects/Sound_Detection/project/SDS_110_STM32F746ZGT6/Core/SDS_110/Infrastructure/Timer/TaskTimerBase.hpp:42:13:virtual sds110::TaskTimerBase::~TaskTimerBase()	16	static
../Core/SDS_110/Infrastructure/Tasks/LoggerTask.hpp:17:7:sds110::LoggerTask::~LoggerTask()	16	static
../Core/SDS_110/Infrastructure/Tasks/LoggerTask.hpp:17:7:virtual sds110::LoggerTask::~LoggerTask()	16	static
../Core/SDS_110/Infrastructure/Tasks/LoggerTask.hpp:22:27:void __tcf_1()	8	static
../Core/SDS_110/Infrastructure/Tasks/LoggerTask.hpp:20:24:static sds110::LoggerTask& sds110::LoggerTask::instance()	8	static,ignoring_inline_asm
../Core/SDS_110/Infrastructure/Tasks/ProcessingTask.hpp:26:7:sds110::ProcessingTask::~ProcessingTask()	16	static
../Core/SDS_110/Infrastructure/Tasks/ProcessingTask.hpp:26:7:virtual sds110::ProcessingTask::~ProcessingTask()	16	static
../Core/SDS_110/Infrastructure/Tasks/ProcessingTask.hpp:28:63:void __tcf_2()	8	static
../Core/SDS_110/Infrastructure/Tasks/ProcessingTask.hpp:28:28:static sds110::ProcessingTask& sds110::ProcessingTask::instance()	8	static,ignoring_inline_asm
C:/Users/310004/Documents/Projects/Sound_Detection/project/SDS_110_STM32F746ZGT6/Core/SDS_110/Infrastructure/Utils/HopClock.hpp:20:7:constexpr sds110::HopClock::HopClock()	16	static
../Core/SDS_110/Infrastructure/Tasks/ProcessingTask.hpp:44:5:sds110::ProcessingTask::ProcessingTask()	16	static
../Core/SDS_110/SDS_110_Wrapper.cpp:16:6:void SDS110_Init()	24	static
../Core/SDS_110/SDS_110_Wrapper.cpp:26:6:void SDS110_StartProcessingTask()	8	static
../Core/SDS_110/SDS_110_Wrapper.cpp:27:6:void SDS110_StartUSBTask()	8	static
../Core/SDS_110/SDS_110_Wrapper.cpp:28:6:void SDS110_StartLoggerTask()	8	static
C:/Users/310004/Documents/Projects/Sound_Detection/project/SDS_110_STM32F746ZGT6/Core/SDS_110/Infrastructure/Model/SDS_Data.hpp:171:31:void SDS_Data::setValue(T&, const T&) [with T = short unsigned int]	24	static
