C:\ST\STM32CubeIDE_2.1.1\STM32CubeIDE\plugins\com.st.stm32cube.ide.mcu.externaltools.gnu-tools-for-stm32.14.3.rel1.win32_1.0.100.202602081740\tools\bin/../lib/gcc/arm-none-eabi/14.3.1/../../../../arm-none-eabi/include/c++/14.3.1/cmath:219:3:constexpr float std::exp(float)	0	static
C:\ST\STM32CubeIDE_2.1.1\STM32CubeIDE\plugins\com.st.stm32cube.ide.mcu.externaltools.gnu-tools-for-stm32.14.3.rel1.win32_1.0.100.202602081740\tools\bin/../lib/gcc/arm-none-eabi/14.3.1/../../../../arm-none-eabi/include/c++/14.3.1/cmath:238:3:constexpr float std::fabs(float)	0	static
../Core/SDS_110/Processing_Module_120/Machine_Learning_Module_124/Machine_Learning_Module_124.hpp:82:14:void sds110::Machine_Learning_Module_124::Smoother::reset()	0	static
../Core/SDS_110/Processing_Module_120/Machine_Learning_Module_124/Machine_Learning_Module_124.cpp:12:21:float sds110::sigmoid(float)	8	static
../Core/SDS_110/Processing_Module_120/Machine_Learning_Module_124/Machine_Learning_Module_124.cpp:14:6:bool sds110::Machine_Learning_Module_124::init()	16	static
../Core/SDS_110/Processing_Module_120/Machine_Learning_Module_124/Machine_Learning_Module_124.cpp:26:6:void sds110::Machine_Learning_Module_124::setMode(sds110::Ml124Mode)	16	static
../Core/SDS_110/Processing_Module_120/Machine_Learning_Module_124/Machine_Learning_Module_124.cpp:34:6:bool sds110::Machine_Learning_Module_124::infer(const float*, const sds110::FeatureVector&, sds110::AcousticState&)	280	static
../Core/SDS_110/Processing_Module_120/Machine_Learning_Module_124/Machine_Learning_Module_124.cpp:61:6:void sds110::Machine_Learning_Module_124::bandProbabilities(float*) const	328	static
../Core/SDS_110/Processing_Module_120/Machine_Learning_Module_124/Machine_Learning_Module_124.cpp:92:6:void sds110::Machine_Learning_Module_124::applyGate(float*) const	0	static
../Core/SDS_110/Processing_Module_120/Machine_Learning_Module_124/Machine_Learning_Module_124.cpp:99:6:void sds110::Machine_Learning_Module_124::Smoother::apply(float*)	16	static
../Core/SDS_110/Processing_Module_120/Machine_Learning_Module_124/Machine_Learning_Module_124.cpp:112:6:void sds110::Machine_Learning_Module_124::pushContext(const sds110::FeatureVector&)	32	static
../Core/SDS_110/Processing_Module_120/Machine_Learning_Module_124/Machine_Learning_Module_124.cpp:130:6:static void sds110::Machine_Learning_Module_124::mlpForward(float*, float*)	584	static
../Core/SDS_110/Processing_Module_120/Machine_Learning_Module_124/Machine_Learning_Module_124.cpp:150:6:void sds110::Machine_Learning_Module_124::updateShadow(const float*, const float*)	40	static
