C:\ST\STM32CubeIDE_2.1.1\STM32CubeIDE\plugins\com.st.stm32cube.ide.mcu.externaltools.gnu-tools-for-stm32.14.3.rel1.win32_1.0.100.202602081740\tools\bin/../lib/gcc/arm-none-eabi/14.3.1/../../../../arm-none-eabi/include/c++/14.3.1/cmath:150:3:constexpr float std::atan2(float, float)	0	static
C:\ST\STM32CubeIDE_2.1.1\STM32CubeIDE\plugins\com.st.stm32cube.ide.mcu.externaltools.gnu-tools-for-stm32.14.3.rel1.win32_1.0.100.202602081740\tools\bin/../lib/gcc/arm-none-eabi/14.3.1/../../../../arm-none-eabi/include/c++/14.3.1/cmath:181:3:constexpr float std::cos(float)	0	static
C:\ST\STM32CubeIDE_2.1.1\STM32CubeIDE\plugins\com.st.stm32cube.ide.mcu.externaltools.gnu-tools-for-stm32.14.3.rel1.win32_1.0.100.202602081740\tools\bin/../lib/gcc/arm-none-eabi/14.3.1/../../../../arm-none-eabi/include/c++/14.3.1/cmath:257:3:constexpr float std::floor(float)	0	static
C:\ST\STM32CubeIDE_2.1.1\STM32CubeIDE\plugins\com.st.stm32cube.ide.mcu.externaltools.gnu-tools-for-stm32.14.3.rel1.win32_1.0.100.202602081740\tools\bin/../lib/gcc/arm-none-eabi/14.3.1/../../../../arm-none-eabi/include/c++/14.3.1/cmath:276:3:constexpr float std::fmod(float, float)	0	static
C:\ST\STM32CubeIDE_2.1.1\STM32CubeIDE\plugins\com.st.stm32cube.ide.mcu.externaltools.gnu-tools-for-stm32.14.3.rel1.win32_1.0.100.202602081740\tools\bin/../lib/gcc/arm-none-eabi/14.3.1/../../../../arm-none-eabi/include/c++/14.3.1/cmath:376:3:constexpr float std::pow(float, float)	0	static
C:\ST\STM32CubeIDE_2.1.1\STM32CubeIDE\plugins\com.st.stm32cube.ide.mcu.externaltools.gnu-tools-for-stm32.14.3.rel1.win32_1.0.100.202602081740\tools\bin/../lib/gcc/arm-none-eabi/14.3.1/../../../../arm-none-eabi/include/c++/14.3.1/cmath:404:3:constexpr float std::sin(float)	0	static
C:\ST\STM32CubeIDE_2.1.1\STM32CubeIDE\plugins\com.st.stm32cube.ide.mcu.externaltools.gnu-tools-for-stm32.14.3.rel1.win32_1.0.100.202602081740\tools\bin/../lib/gcc/arm-none-eabi/14.3.1/../../../../arm-none-eabi/include/c++/14.3.1/cmath:442:3:constexpr float std::sqrt(float)	0	static
C:/Users/310004/Documents/Projects/Sound_Detection/project/SDS_110_STM32F746ZGT6/Core/SDS_110/Sensor_Unit_112/Microphone_Array_114.hpp:81:17:const sds110::Vec3& sds110::Microphone_Array_114::position(uint32_t) const	0	static
C:/Users/310004/Documents/Projects/Sound_Detection/project/SDS_110_STM32F746ZGT6/Core/SDS_110/Infrastructure/Utils/Azimuth.hpp:27:18:static float sds110::Azimuth::wrap360(float)	16	static
C:/Users/310004/Documents/Projects/Sound_Detection/project/SDS_110_STM32F746ZGT6/Core/SDS_110/Infrastructure/Utils/Azimuth.hpp:61:17:static void sds110::Azimuth::toArray(float, float&, float&)	24	static
../Core/SDS_110/Harness/Signal_Simulator.hpp:75:5:sds110::Signal_Simulator::Signal_Simulator()	16	static
../Core/SDS_110/Harness/Signal_Simulator.cpp:35:19:static sds110::Signal_Simulator& sds110::Signal_Simulator::instance()	8	static,ignoring_inline_asm
../Core/SDS_110/Harness/Signal_Simulator.cpp:37:6:void sds110::Signal_Simulator::init(const sds110::SimParams&)	16	static
../Core/SDS_110/Harness/Signal_Simulator.cpp:47:7:float sds110::Signal_Simulator::noise()	0	static
../Core/SDS_110/Harness/Signal_Simulator.cpp:49:6:void sds110::Signal_Simulator::updateOscillators()	40	static
../Core/SDS_110/Harness/Signal_Simulator.cpp:65:6:void sds110::Signal_Simulator::advanceSweep()	0	static
../Core/SDS_110/Harness/Signal_Simulator.cpp:75:6:static bool sds110::Signal_Simulator::flyByPosition(const sds110::SimParams&, float, uint32_t, const float*, float&, float&)	48	static
../Core/SDS_110/Harness/Signal_Simulator.cpp:94:6:void sds110::Signal_Simulator::advanceFlyBy()	40	static
../Core/SDS_110/Harness/Signal_Simulator.cpp:105:7:float sds110::Signal_Simulator::sourceSample()	8	static
../Core/SDS_110/Harness/Signal_Simulator.cpp:141:6:void sds110::Signal_Simulator::generateHop(uint64_t)	200	static
